INFO:    Using cached SIF image
E: List directory /var/lib/apt/lists/partial is missing. - Acquire (30: Read-only file system)
R library paths:
   /tmp/RtmpHHo7In/r_packages 
   /usr/local/lib/R/site-library 
   /usr/local/lib/R/library 
   /home/hayerk/R/x86_64-pc-linux-gnu-library/4.3 
Temp library directory: /tmp/RtmpHHo7In/r_packages 


Attaching package: ‘BiocGenerics’

The following objects are masked from ‘package:stats’:

    IQR, mad, sd, var, xtabs

The following objects are masked from ‘package:base’:

    anyDuplicated, aperm, append, as.data.frame, basename, cbind,
    colnames, dirname, do.call, duplicated, eval, evalq, Filter, Find,
    get, grep, grepl, intersect, is.unsorted, lapply, Map, mapply,
    match, mget, order, paste, pmax, pmax.int, pmin, pmin.int,
    Position, rank, rbind, Reduce, rownames, sapply, setdiff, sort,
    table, tapply, union, unique, unsplit, which.max, which.min


Attaching package: ‘S4Vectors’

The following object is masked from ‘package:utils’:

    findMatches

The following objects are masked from ‘package:base’:

    expand.grid, I, unname


Attaching package: ‘MatrixGenerics’

The following objects are masked from ‘package:matrixStats’:

    colAlls, colAnyNAs, colAnys, colAvgsPerRowSet, colCollapse,
    colCounts, colCummaxs, colCummins, colCumprods, colCumsums,
    colDiffs, colIQRDiffs, colIQRs, colLogSumExps, colMadDiffs,
    colMads, colMaxs, colMeans2, colMedians, colMins, colOrderStats,
    colProds, colQuantiles, colRanges, colRanks, colSdDiffs, colSds,
    colSums2, colTabulates, colVarDiffs, colVars, colWeightedMads,
    colWeightedMeans, colWeightedMedians, colWeightedSds,
    colWeightedVars, rowAlls, rowAnyNAs, rowAnys, rowAvgsPerColSet,
    rowCollapse, rowCounts, rowCummaxs, rowCummins, rowCumprods,
    rowCumsums, rowDiffs, rowIQRDiffs, rowIQRs, rowLogSumExps,
    rowMadDiffs, rowMads, rowMaxs, rowMeans2, rowMedians, rowMins,
    rowOrderStats, rowProds, rowQuantiles, rowRanges, rowRanks,
    rowSdDiffs, rowSds, rowSums2, rowTabulates, rowVarDiffs, rowVars,
    rowWeightedMads, rowWeightedMeans, rowWeightedMedians,
    rowWeightedSds, rowWeightedVars

Welcome to Bioconductor

    Vignettes contain introductory material; view with
    'browseVignettes()'. To cite Bioconductor, see
    'citation("Biobase")', and for packages 'citation("pkgname")'.


Attaching package: ‘Biobase’

The following object is masked from ‘package:MatrixGenerics’:

    rowMedians

The following objects are masked from ‘package:matrixStats’:

    anyMissing, rowMedians

Installing missing package: DESeq2 
Bioconductor version '3.18' is out-of-date; the current release version '3.23'
  is available with R version '4.6'; see https://bioconductor.org/install
'getOption("repos")' replaces Bioconductor standard repositories, see
'help("repositories", package = "BiocManager")' for details.
Replacement repositories:
    CRAN: https://p3m.dev/cran/__linux__/jammy/2024-04-23
Bioconductor version 3.18 (BiocManager 1.30.22), R 4.3.3 (2024-02-29)
Installing package(s) 'DESeq2'
Successfully installed: DESeq2 
── Attaching core tidyverse packages ──────────────────────── tidyverse 2.0.0 ──
✔ dplyr     1.1.4     ✔ readr     2.1.5
✔ forcats   1.0.0     ✔ stringr   1.5.1
✔ ggplot2   3.5.0     ✔ tibble    3.2.1
✔ lubridate 1.9.3     ✔ tidyr     1.3.1
✔ purrr     1.0.2     
── Conflicts ────────────────────────────────────────── tidyverse_conflicts() ──
✖ lubridate::%within%() masks IRanges::%within%()
✖ dplyr::collapse()     masks IRanges::collapse()
✖ dplyr::combine()      masks Biobase::combine(), BiocGenerics::combine()
✖ dplyr::count()        masks matrixStats::count()
✖ dplyr::desc()         masks IRanges::desc()
✖ tidyr::expand()       masks S4Vectors::expand()
✖ dplyr::filter()       masks stats::filter()
✖ dplyr::first()        masks S4Vectors::first()
✖ dplyr::lag()          masks stats::lag()
✖ ggplot2::Position()   masks BiocGenerics::Position(), base::Position()
✖ purrr::reduce()       masks GenomicRanges::reduce(), IRanges::reduce()
✖ dplyr::rename()       masks S4Vectors::rename()
✖ lubridate::second()   masks S4Vectors::second()
✖ lubridate::second<-() masks S4Vectors::second<-()
✖ dplyr::slice()        masks IRanges::slice()
ℹ Use the conflicted package (<http://conflicted.r-lib.org/>) to force all conflicts to become errors
Installing missing package: optparse 
Successfully installed: optparse 
Treatment samples found: 33K_Ad5_R1, 33K_Ad5_R2, 33K_Ad5_R3 
Control samples found: 33K_Mock_R1, 33K_Mock_R2, 33K_Mock_R3 
Treatment column indices: 4, 5, 6 
Control column indices: 7, 8, 9 

=== Running DESeq2 Peak Analysis ===
Treatment: 33K_Ad5 
Control: 33K_Mock 
Warning messages:
1: In .merge_two_Seqinfo_objects(x, y) :
  Each of the 2 combined objects has sequence levels not in the other:
  - in 'x': chr17_GL000205v2_random, chrUn_KI270519v1
  - in 'y': chr1_KI270711v1_random, chr22_KI270731v1_random, chrUn_GL000218v1, chrUn_KI270750v1
  Make sure to always combine/compare objects based on the same reference
  genome (use suppressWarnings() to suppress this warning).
2: In .merge_two_Seqinfo_objects(x, y) :
  Each of the 2 combined objects has sequence levels not in the other:
  - in 'x': chr17_GL000205v2_random, chrUn_KI270519v1, chr1_KI270711v1_random, chr22_KI270731v1_random, chrUn_GL000218v1, chrUn_KI270750v1
  - in 'y': chr14_GL000194v1_random, chr17_KI270729v1_random
  Make sure to always combine/compare objects based on the same reference
  genome (use suppressWarnings() to suppress this warning).
Warning message:
In .merge_two_Seqinfo_objects(x, y) :
  Each of the 2 combined objects has sequence levels not in the other:
  - in 'x': chr1_KI270708v1_random, chrUn_GL000218v1, chrUn_KI270442v1
  - in 'y': chr17_GL000205v2_random, chr1_KI270712v1_random, chr22_KI270736v1_random
  Make sure to always combine/compare objects based on the same reference
  genome (use suppressWarnings() to suppress this warning).
33K_Ad5 union peaks: 33556 
33K_Mock union peaks: 48332 
Warning message:
In .merge_two_Seqinfo_objects(x, y) :
  Each of the 2 combined objects has sequence levels not in the other:
  - in 'x': chrUn_KI270519v1, chr1_KI270711v1_random, chr22_KI270731v1_random, chrUn_KI270750v1, chr14_GL000194v1_random, chr17_KI270729v1_random
  - in 'y': chr16_KI270728v1_random, chr1_KI270708v1_random, chrUn_KI270442v1, chr1_KI270712v1_random, chr22_KI270736v1_random
  Make sure to always combine/compare objects based on the same reference
  genome (use suppressWarnings() to suppress this warning).
Peaks in either group (union): 69222 
Peaks from merged table matching consensus: 64432 
Final peaks in DESeq2 analysis: 64432 
converting counts to integer mode
Warning message:
In DESeqDataSet(se, design = design, ignoreRank) :
  some variables in design formula are characters, converting to factors
Running DESeq2 analysis...
estimating size factors
estimating dispersions
gene-wise dispersion estimates
mean-dispersion relationship
-- note: fitType='parametric', but the dispersion trend was not well captured by the
   function: y = a/x + b, and a local regression fit was automatically substituted.
   specify fitType='local' or 'mean' to avoid this message next time.
final dispersion estimates
fitting model and testing
Warning message:
In .merge_two_Seqinfo_objects(x, y) :
  Each of the 2 combined objects has sequence levels not in the other:
  - in 'x': chr1_KI270711v1_random, chr1_KI270712v1_random, chr1_KI270708v1_random, chrUn_KI270442v1, chrUn_KI270750v1, chr17_KI270729v1_random, chr22_KI270736v1_random, chrUn_KI270519v1
  - in 'y': chrY, chr1_GL383518v1_alt, chr1_GL383519v1_alt, chr1_GL383520v2_alt, chr1_KI270713v1_random, chr1_KI270714v1_random, chr1_KI270759v1_alt, chr1_KI270761v1_alt, chr1_KI270762v1_alt, chr1_KI270763v1_alt, chr1_KI270765v1_alt, chr1_KI270766v1_alt, chr1_KI270892v1_alt, chr2_GL383521v1_alt, chr2_GL383522v1_alt, chr2_GL582966v2_alt, chr2_KI270767v1_alt, chr2_KI270768v1_alt, chr2_KI270769v1_alt, chr2_KI270770v1_alt, chr2_KI270773v1_alt, chr2_KI270774v1_alt, chr2_KI270776v1_alt, chr2_KI270893v1_alt, chr3_GL383526v1_alt, chr3_JH636055v2_alt, chr3_KI270777v1_alt, chr3_KI270779v1_alt, chr3_KI270780v1_alt, chr3_KI270782v1_alt, chr3_KI270783v1_alt, chr3_KI270784v1_alt, chr3_KI270895v1_alt, chr3_KI270924v1_alt, chr3_KI270934v1_alt, chr3_K [... truncated]
null device 
          1 
null device 
          1 

=== DESeq2 Summary ===
Total peaks analyzed: 64432 
Significant peaks (padj < 0.05): 2442 
Upregulated in 33K_Ad5 (log2FC > 0): 1531 
Downregulated in 33K_Ad5 (log2FC < 0): 911 
Results saved with prefix: /mnt/isilon/weitzman_lab/user/hayerk/nextflow_cut_and_run/cutandrun/results_human_33K_final/03_peak_calling/09_deseq2_analysis/33K_Ad5_vs_33K_Mock 

